data/runs/3a95851c-bb5f-4236-9654-2c954fc4f392/panel.csv
t,firm_id,price,cost,quantity,profit
0,0,2.6,1.0,2500.0,4000.0
1,0,2.6,1.030471707975443,2500.0,3923.8207300613926
2,0,2.6,1.1245281796145645,2500.0,3688.679550963589
3,0,2.6,1.137312219931293,2500.0,3656.7194501717677
4,0,2.6,1.052007827173935,2500.0,3869.9804320651624
5,0,2.6,1.0586108969300567,2500.0,3853.4727576748583
6,0,2.6,0.9726816506417328,2500.0,4068.295873395668
7,0,2.6,1.06052668077246,2500.0,3848.68329806885
8,0,2.6,0.992433726332066,2500.0,4018.9156841698355
9,0,2.6,0.9496009441157552,2500.0,4125.997639710612
10,0,2.6,0.9861453505521631,2500.0,4034.6366236195922
11,0,2.6,1.2003101106392093,2500.0,3499.224723401977
12,0,2.6,1.1189328378144217,2500.0,3702.667905463946
13,0,2.6,1.1075380920489342,2500.0,3731.154769877665
14,0,2.6,1.1725973708314044,2500.0,3568.5065729214894
15,0,2.6,1.106046400102535,2500.0,3734.883999743663
16,0,2.6,1.1279152597754363,2500.0,3680.2118505614094
17,0,2.6,1.1958066160826257,2500.0,3510.483459793436
18,0,2.6,1.2589354386664797,2500.0,3352.661403333801
19,0,2.6,1.2118981732372003,2500.0,3470.2545669069996
20,0,2.6,1.36139230436064,2500.0,3096.5192390984002
21,0,2.6,1.1931053271990595,2500.0,3517.2366820023517
22,0,2.6,1.2517275603349873,2500.0,3370.681099162532
23,0,2.6,1.2168550531101436,2500.0,3457.8623672246413
24,0,2.6,1.197724620621982,2500.0,3505.688448445045
25,0,2.6,1.1057793920218209,2500.0,3735.551519945448
26,0,2.6,1.1748279274285978,2500.0,3562.930181428506
27,0,2.6,1.2373869668253314,2500.0,3406.5325829366716
28,0,2.6,1.1711943727186662,2500.0,3572.014068203335
29,0,2.6,1.0516104081597621,2500.0,3870.9739796005947
30,0,2.6,1.052859820032531,2500.0,3867.850449918673
31,0,2.6,1.1193983309298097,2500.0,3701.504172675476
32,0,2.6,1.1114265098391698,2490.0637661372425,3706.6429110819367
33,0,2.6,0.9791565486037296,2427.7559068817004,3935.0122632578177
34,0,2.6,0.8886086430677235,2404.1476374895205,4114.437487588717
35,0,2.6,0.8529822459615809,2450.20193827936,4280.546287153389
36,0,2.6,0.8324384901748179,2390.888332058874,4226.042190037395
37,0,2.6,0.9164693039205574,2283.405824245978,3844.1837967246847
38,0,2.6,0.9402428641537851,2246.6002574852305,3728.8108087550554
39,0,2.6,0.9474558149251721,2213.892753135311,3658.55559557306
40,0,2.6,0.9496410294775164,2313.0943620915905,3817.4360301428383
41,0,2.6,0.8472912802153298,2324.240121682595,4073.7159281464674
42,0,2.6,0.9832100377393735,2376.245372858019,3841.889666705105
43,0,2.6,1.1295403268613298,2302.2603669655277,3385.381026688245
44,0,2.6,1.0368827327207772,2278.0690863061345,3560.8891248601212
45,0,2.6,1.1003978274022177,2264.2965538592653,3395.5440315730257
46,0,2.6,0.9988399192814635,2283.730956554142,3656.61884273565
47,0,2.6,1.1985130084506421,2465.307664407149,3455.0966218335493
48,0,2.6,1.0995591964474558,2332.3047392883886,3499.485197147277
49,0,2.6,1.0182650869164231,2306.4806315958203,3648.2409413461687
50,0,2.6,1.0041859982747847,2372.8263468483115,3786.5895079630277
51,0,2.6,0.9883225145709159,2308.3647894951937,3720.339559386651
52,0,2.6,0.9396917236635828,2305.023477592205,3827.0495569960885
53,0,2.6,0.9527191758108714,2366.1759716926113,3897.7563048263173
54,0,2.6,0.8342247991691689,2306.1182375002463,4072.0863939616397
55,0,2.6,1.0470717724126855,2255.1786124986183,3502.130525600299
56,0,2.6,0.9567790546039828,2312.964909503636,3800.7123852623786
57,0,2.6,0.9411152648381738,2310.4317052270217,3832.7398874350147
58,0,2.6,0.9857224849863818,2282.1843229076003,3684.078837586318
59,0,2.6,0.8579287275544198,2292.8931449688716,3994.3832786376706
60,0,2.6,0.8739278889117637,2285.5309679547963,3944.9912628152756
61,0,2.6,1.004528063082446,2299.147735255182,3668.225690427193
62,0,2.6,1.1151569340884349,2325.793971674204,3453.439051579361
63,0,2.6,1.1334803778106255,2249.822040567013,3299.408168925664
64,0,2.6,1.2985731710337505,2356.8676792673878,3067.2908301220004
65,0,2.6,1.2602544389201518,2448.0587238425715,3279.7758085308833
66,0,2.6,1.1707817370245692,2488.259259174566,3556.2655762300055
67,0,2.6,1.1702695503525622,2478.044556176857,3542.9357575491235
68,0,2.6,1.311017736483934,2483.705779115677,3201.45269707246
69,0,2.6,1.1060005263808317,2480.6610340188017,3706.1062790516717
70,0,2.6,0.9841192203384689,2425.797926332511,3919.800244503503
71,0,2.6,1.0757094745740703,2343.0831355383307,3571.539423786357
72,0,2.6,1.0272925312407124,2322.6951887753344,3652.920071038232
73,0,2.6,1.081104074941105,2406.028688610742,3654.507170705653
74,0,2.6,1.0115098137740346,2392.060364899516,3799.7644145029835
75,0,2.6,1.0291671496194057,2324.508069034031,3651.4136358134183
76,0,2.6,1.0519899826332961,2481.5614249087153,3841.481944469483
77,0,2.6,0.9666656475774141,2463.6022025160305,4023.886108073377
78,0,2.6,0.9075949461810655,2483.3251904734434,4202.792102633124
79,0,2.6,0.8346865624067047,2442.450959051547,4311.691498676328
80,0,2.6,0.8184199703522139,2376.1413786490066,4233.286027820829
81,0,2.6,0.7307338925354551,2334.846007004488,4364.448507042415
82,0,2.584029367996356,0.584029367996356,2356.5543920386613,4713.1087840773225
83,0,2.474350810150892,0.474350810150892,2578.5049242358346,5157.009848471669
84,0,2.3571941472683577,0.3571941472683578,2651.5675449943633,5303.135089988727
85,0,2.530063911708917,0.530063911708917,2543.705601802571,5087.411203605142
86,0,2.6,0.6077976693150914,2500.0,4980.505826712271
87,0,2.5944153728634873,0.5944153728634872,2475.451082212224,4950.902164424448
88,0,2.5677766238625916,0.5677766238625918,2481.133530816841,4962.267061633682
89,0,2.6,0.6149304761171057,2466.1882811758783,4895.5551971193745
90,0,2.6,0.650106116957026,2466.193554779433,4808.8157268644245
91,0,2.5779503136027415,0.5779503136027413,2480.6216435460765,4961.243287092153
92,0,2.6,0.7872671444958008,2484.226700374033,4503.239360288796
93,0,2.6,0.7109614235263241,2500.0,4722.596441184191
94,0,2.6,0.7372363460410379,2449.6431135535863,4563.1061570984875
95,0,2.6,0.829980194196856,2380.325920680392,4213.224023870897
96,0,2.6,0.7828277134518611,2383.597784904206,4331.407837005455
97,0,2.6,0.7536105948715056,2367.888155928451,4372.04360363554
98,0,2.6,0.7688668460817525,2208.6782813016107,4044.384027230553
99,0,2.6,0.745181819630784,2226.9421159084045,4130.572723216798
0,1,2.6,1.0,2500.0,4000.0
1,1,2.6,0.8960015893759504,2500.0,4259.996026560125
2,1,2.6,0.7008980705105667,2500.0,4747.754823723583
3,1,2.6,0.6692738112762086,2500.0,4826.815471809479
4,1,2.6,0.7572136087624914,2500.0,4606.965978093772
5,1,2.6,0.8699377294592947,2500.0,4325.155676351764
6,1,2.6,0.9068128078675446,2500.0,4232.967980331139
7,1,2.6,0.9018202167689193,2500.0,4245.449458077702
8,1,2.6,1.0240743506363224,2500.0,3939.8141234091945
9,1,2.6,0.9888609955874994,2500.0,4027.8475110312515
10,1,2.6,1.0301342567470981,2500.0,3924.664358132255
11,1,2.6,0.9894927551086365,2500.0,4026.268112228409
12,1,2.6,1.0510906973661862,2500.0,3872.273256584535
13,1,2.6,0.9670750496699334,2500.0,4082.312375825167
14,1,2.6,1.0414004667902776,2500.0,3896.498833024306
15,1,2.6,1.0646165990969496,2500.0,3838.458502257626
16,1,2.6,1.1517594768917685,2500.0,3620.601307770579
17,1,2.6,1.1585173838406577,2500.0,3603.706540398356
18,1,2.6,1.012801801855091,2500.0,3967.995495362273
19,1,2.6,0.9489140170307568,2500.0,4127.714957423108
20,1,2.6,0.8623309054614325,2500.0,4344.172736346419
21,1,2.6,0.828842402462855,2500.0,4427.893993842863
22,1,2.6,0.8999650604421405,2500.0,4250.087348894649
23,1,2.6,0.8537298811756838,2500.0,4365.67529706079
24,1,2.6,0.7261612488418916,2500.0,4684.596877895271
25,1,2.6,0.775877323247268,2500.0,4560.30669188183
26,1,2.6,0.7331520586136145,2500.0,4667.119853465964
27,1,2.6,0.7022174046415907,2500.0,4744.456488396024
28,1,2.6,0.6659120199850834,2500.0,4835.219950037292
29,1,2.6,0.7146092680636416,2500.0,4713.476829840896
30,1,2.6,0.7626839339542324,2500.0,4593.290165114419
31,1,2.6,0.75283538550329,2500.0,4617.911536241775
32,1,2.584101942107487,0.584101942107487,2509.936233862758,5019.872467725516
33,1,2.484377259347339,0.48437725934733883,2572.2440931182996,5144.488186236599
34,1,2.4465610039434,0.44656100394339987,2595.852362510479,5191.704725020958
35,1,2.5203125607901087,0.5203125607901086,2549.7980617206395,5099.596123441279
36,1,2.4253103552990503,0.4253103552990504,2609.1116679411257,5218.2233358822505
37,1,2.2525783129798156,0.25257831297981553,2716.594175754022,5433.188351508044
38,1,2.193163317410136,0.1931633174101361,2753.39974251477,5506.79948502954
39,1,2.140214046503756,0.14021404650375585,2786.107246864689,5572.214493729378
40,1,2.3003919356358473,0.30039193563584743,2686.9056379084095,5373.811275816819
41,1,2.318319499131479,0.31831949913147906,2675.759878317405,5351.51975663481
42,1,2.4018306237229368,0.40183062372293693,2623.754627141981,5247.509254283961
43,1,2.2829543182906518,0.2829543182906518,2697.7396330344727,5395.479266068945
44,1,2.243973337975075,0.24397333797507503,2721.930913693865,5443.86182738773
45,1,2.2217510682651977,0.2217510682651977,2735.7034461407347,5471.4068922814695
46,1,2.253102453010217,0.2531024530102172,2716.269043445858,5432.5380868917155
47,1,2.54448869961095,0.5444886996109501,2534.6923355928507,5069.3846711857
48,1,2.3312840715378194,0.33128407153781925,2667.695260711611,5335.390521423222
49,1,2.289748345519851,0.28974834551985074,2693.5193684041797,5387.038736808359
50,1,2.396346368598615,0.3963463685986151,2627.1736531516885,5254.347306303377
51,1,2.292780993316034,0.2927809933160339,2691.6352105048063,5383.270421009613
52,1,2.287402738234202,0.28740273823420187,2694.9765224077955,5389.953044815591
53,1,2.3856766893365076,0.3856766893365076,2633.824028307389,5267.648056614778
54,1,2.2891650131132706,0.2891650131132704,2693.881762499754,5387.763524999508
55,1,2.207026345190832,0.2070263451908318,2744.8213875013817,5489.642775002763
56,1,2.3001836464782563,0.30018364647825624,2687.0350904963643,5374.070180992729
57,1,2.296107393864713,0.29610739386471285,2689.568294772979,5379.136589545958
58,1,2.2506090458306347,0.25060904583063487,2717.8156770924,5435.631354184799
59,1,2.267867837602847,0.2678678376028468,2707.1068550311284,5414.213710062257
60,1,2.2560040049918584,0.25600400499185855,2714.469032045204,5428.938064090407
61,1,2.277942255128244,0.27794225512824416,2700.852264744818,5401.704529489636
62,1,2.3208178989744055,0.3208178989744055,2674.206028325796,5348.412056651592
63,1,2.1983709958023554,0.19837099580235545,2750.177959432987,5500.355918865974
64,1,2.3707375678806852,0.3707375678806852,2643.1323207326122,5286.2646414652245
65,1,2.5168819971049055,0.5168819971049055,2551.941276157429,5103.882552314858
66,1,2.58121467657381,0.5812146765738099,2511.740740825434,5023.481481650868
67,1,2.5648703867213585,0.5648703867213586,2521.955443823143,5043.910887646286
68,1,2.573928877411533,0.5739288774115331,2516.2942208843233,5032.588441768647
69,1,2.5690570372185215,0.5690570372185213,2519.3389659811987,5038.677931962397
70,1,2.4812418005256465,0.48124180052564625,2574.202073667489,5148.404147334978
71,1,2.34860252875169,0.34860252875168984,2656.9168644616693,5313.833728923339
72,1,2.3158352193154936,0.31583521931549374,2677.3048112246656,5354.609622449331
73,1,2.4495750300597683,0.4495750300597681,2593.971311389258,5187.942622778516
74,1,2.4271891483717183,0.4271891483717182,2607.939635100484,5215.879270200968
75,1,2.3187503411483816,0.3187503411483815,2675.49193096597,5350.98386193194
76,1,2.5704977449017736,0.5704977449017736,2518.4385750912847,5036.8771501825695
77,1,2.541759408746856,0.541759408746856,2536.3977974839695,5072.795594967938
78,1,2.57331990910589,0.57331990910589,2516.674809526556,5033.349619053111
79,1,2.5079052650991103,0.5079052650991104,2557.5490409484532,5115.0980818969065
80,1,2.4016638239131542,0.4016638239131541,2623.8586213509934,5247.717242701987
81,1,2.3922375684878983,0.39223756848789837,2590.438469978984,5180.876939957968
82,1,2.6,0.6051622796907282,2337.8114941194804,4663.5545514421165
83,1,2.6,0.7888536325228597,2421.4950757641664,4385.682010334052
84,1,2.6,0.7520287368440566,2348.4324550056367,4339.83569031318
85,1,2.6,0.6533430290012329,2456.294398197429,4781.562613076247
86,1,2.6,0.6968196364478947,2500.0,4757.950908880263
87,1,2.5593300556108964,0.5593300556108964,2519.260216338645,5038.52043267729
88,1,2.582547044573522,0.582547044573522,2462.877333676215,4925.75466735243
89,1,2.6,0.6838186263555048,2466.1882811758783,4725.664048289551
90,1,2.6,0.6891341611132916,2466.193554779433,4712.565015910594
91,1,2.6,0.7207835872806224,2453.423382660365,4610.513488044852
92,1,2.6,0.8781190775281467,2484.226700374033,4277.542562469249
93,1,2.6,0.7668779303298049,2500.0,4582.805174175488
94,1,2.6,0.814892270668966,2449.6431135535863,4372.876856107047
95,1,2.6,0.8603343044904023,2380.325920680392,4140.971348339978
96,1,2.6,0.8867060249260542,2383.597784904206,4083.803723875979
97,1,2.6,0.8763571981194581,2367.888155928451,4081.3933756242645
98,1,2.6,1.0235063954187738,2208.6782813016107,3481.967185049444
99,1,2.6,1.0411576375560185,2226.9421159084045,3471.4517089886563
