data/runs/3a95851c-bb5f-4236-9654-2c954fc4f392/panel.csv
t,firm_id,price,cost,quantity,profit
0,2,2.6,1.0,2500.0,4000.0
1,2,2.6,1.0750451195806456,2500.0,3812.387201048386
2,2,2.6,0.9448271688944139,2500.0,4137.932077763966
3,2,2.6,0.943147053143985,2500.0,4142.132367140038
4,2,2.6,1.0209262466868798,2500.0,3947.684383282801
5,2,2.6,1.0676771809120844,2500.0,3830.8070477197894
6,2,2.6,0.9717889208291846,2500.0,4070.527697927039
7,2,2.6,0.9533026844746585,2500.0,4116.7432888133535
8,2,2.6,0.9378497362677782,2500.0,4155.375659330554
9,2,2.6,0.9910806548231131,2500.0,4022.298362942217
10,2,2.6,1.0341627551239014,2500.0,3914.5931121902468
11,2,2.6,0.9829384822167477,2500.0,4042.653794458131
12,2,2.6,1.0958357114888368,2500.0,3760.410721277908
13,2,2.6,1.013387589919713,2500.0,3966.531025200718
14,2,2.6,1.0677030167502324,2500.0,3830.742458124419
15,2,2.6,1.0793715976643052,2500.0,3801.571005839237
16,2,2.6,1.1017311525417735,2500.0,3745.6721186455666
17,2,2.6,1.1306430924107718,2500.0,3673.3922689730707
18,2,2.6,1.0986759707750415,2500.0,3753.3100730623964
19,2,2.6,1.0711617456523732,2500.0,3822.0956358690673
20,2,2.6,1.1679895811115213,2500.0,3580.026047221197
21,2,2.6,1.1842648876220219,2500.0,3539.3377809449457
22,2,2.6,1.2635996111420145,2500.0,3341.000972144964
23,2,2.6,1.3493971992677298,2500.0,3126.5070018306756
24,2,2.6,1.2360684778673818,2500.0,3409.8288053315455
25,2,2.6,1.2503110514744384,2500.0,3374.222371313904
26,2,2.6,1.2661650205821098,2500.0,3334.5874485447257
27,2,2.6,1.311842544337851,2500.0,3220.393639155373
28,2,2.6,1.2736687549380181,2500.0,3315.828112654955
29,2,2.6,1.2267285209177456,2500.0,3433.1786977056363
30,2,2.6,1.2713816385207402,2500.0,3321.5459036981497
31,2,2.6,1.2290518073163248,2500.0,3427.3704817091884
32,2,2.6,1.0843405600740161,2490.0637661372425,3774.0886531635592
33,2,2.6,1.1243179827463599,2427.7559068817004,3582.595734066628
34,2,2.6,1.2542408125249664,2404.1476374895205,3235.403771197919
35,2,2.6,1.1608790445239787,2450.20193827936,3526.136954525792
36,2,2.6,1.1269757369339224,2390.888332058874,3521.8365234043063
37,2,2.6,1.1704181012885082,2283.405824245978,3264.315633754444
38,2,2.6,1.0258123158496628,2246.6002574852305,3536.5704565422266
39,2,2.6,1.0490799369851331,2213.892753135311,3433.570688200774
40,2,2.6,1.0251443742378308,2313.0943620915905,3642.7896690586977
41,2,2.6,1.0471440426350074,2324.240121682595,3609.2101193015533
42,2,2.6,1.0828311485499582,2376.245372858019,3605.165463102477
43,2,2.6,1.0188559952749834,2302.2603669655277,3640.2051765435613
44,2,2.6,0.8811873805193525,2278.0690863061345,3915.573893591732
45,2,2.6,0.7341067510690867,2264.2965538592653,4224.935653423536
46,2,2.6,0.8179194078585248,2283.730956554142,4069.792615347823
47,2,2.6,0.8593603511861244,2465.307664407149,4291.212267191816
48,2,2.6,0.886131497420508,2332.3047392883886,3997.263631083243
49,2,2.6,0.8249218175145272,2306.4806315958203,4094.1834474710545
50,2,2.6,0.8406266742590617,2372.8263468483115,4174.687381260235
51,2,2.6,0.673158379788626,2308.3647894951937,4447.853351029807
52,2,2.6,0.8499513711466143,2305.023477592205,4033.9031764351016
53,2,2.6,0.8000218112926991,2366.1759716926113,4259.065139690004
54,2,2.6,0.7274992048391238,2306.1182375002463,4318.20823345421
55,2,2.6,0.8113481252127583,2255.1786124986183,4033.7294532257442
56,2,2.6,0.8498432218233447,2312.964909503636,4048.051214052543
57,2,2.6,0.7843644522804056,2310.4317052270217,4194.90193458858
58,2,2.6,0.6618038759036808,2282.1843229076003,4423.320809132893
59,2,2.6,0.8197130015447244,2292.8931449688716,4082.0078548353094
60,2,2.6,0.8482956155049787,2285.5309679547963,4003.574617465567
61,2,2.6,0.8072028924216049,2299.147735255182,4121.905409660908
62,2,2.6,0.9607784916212041,2325.793971674204,3812.4915024260995
63,2,2.6,0.8239625716966376,2249.822040567013,3995.7681510688617
64,2,2.6,0.8060106503683775,2356.8676792673878,4228.195515096692
65,2,2.6,0.6953060821640287,2448.0587238425715,4662.802561808236
66,2,2.6,0.6558455698780697,2488.259259174566,4837.560262016144
67,2,2.6,0.6896030247579631,2478.044556176857,4734.048824635263
68,2,2.6,0.7539969040856489,2483.705779115677,4584.928557587906
69,2,2.6,0.6696738770563617,2480.6610340188017,4788.4847961348705
70,2,2.6,0.6362615329862805,2425.797926332511,4763.632701141265
71,2,2.6,0.6393246822457223,2343.0831355383307,4594.025271296306
72,2,2.6,0.7396004647761827,2322.6951887753344,4321.141049664229
73,2,2.6,0.7241498968511927,2406.028688610742,4513.34916370945
74,2,2.6,0.7483995759783149,2392.060364899516,4429.1399859334115
75,2,2.6,0.7574485541411022,2324.508069034031,4283.025703509328
76,2,2.6,0.9451330152692693,2481.5614249087153,4106.654072662782
77,2,2.6,0.798788815085569,2463.6022025160305,4437.467842351702
78,2,2.6,0.9193741771743924,2483.3251904734434,4173.54044158299
79,2,2.6,0.7046452742005269,2442.450959051547,4629.310967771806
80,2,2.6,0.6517013314639195,2376.1413786490066,4629.433084275346
81,2,2.4759284923282565,0.4759284923282564,2484.2770530375437,4968.5541060750875
82,2,2.347186234200853,0.34718623420085326,2652.8170569209287,5305.6341138418575
83,2,2.6,0.6376929511248939,2421.4950757641664,4751.716855988383
84,2,2.6,0.6718485062189449,2348.4324550056367,4528.13354616303
85,2,2.6,0.6473207216247339,2456.294398197429,4796.355172949365
86,2,2.6,0.6097051145017239,2500.0,4975.7372137456905
87,2,2.5858877401042575,0.5858877401042574,2486.0284851104857,4972.056970220971
88,2,2.5303550182223558,0.5303550182223558,2527.994567753472,5055.989135506944
89,2,2.545897950989202,0.5458979509892024,2533.811718824122,5067.623437648243
90,2,2.545906390298344,0.5459063902983438,2533.806445220567,5067.612890441134
91,2,2.536177730456995,0.5361777304569948,2532.9774868967793,5065.954973793559
92,2,2.5747623857126447,0.5747623857126449,2515.773299625967,5031.546599251933
93,2,2.6,0.6938766810215314,2500.0,4765.308297446171
94,2,2.519418082324112,0.5194180823241121,2550.3568864464137,5100.7137728928265
95,2,2.4083750138826643,0.40837501388266434,2619.6740793196077,5239.348158639215
96,2,2.4136216937182886,0.4136216937182887,2616.402215095794,5232.804430191588
97,2,2.3884239558976,0.3884239558976002,2632.1118440715486,5264.223688143097
98,2,2.1317581118044706,0.13175811180447045,2791.3217186983898,5582.6434373967795
99,2,2.1613575107731804,0.1613575107731804,2773.0578840915955,5546.115768183191
